(TranslationUnit
    (SymbolTable
        1
        {
            loop_unroll_small:
                (Program
                    (SymbolTable
                        2
                        {
                            array:
                                (Variable
                                    2
                                    array
                                    []
                                    Local
                                    ()
                                    ()
                                    Default
                                    (Array
                                        (Integer 4)
                                        [((IntegerConstant 1 (Integer 4) Decimal)
                                        (IntegerConstant 4 (Integer 4) Decimal))]
                                        FixedSizeArray
                                    )
                                    ()
                                    Source
                                    Public
                                    Required
                                    .false.
                                ),
                            first:
                                (Variable
                                    2
                                    first
                                    []
                                    Local
                                    ()
                                    ()
                                    Default
                                    (Integer 4)
                                    ()
                                    Source
                                    Public
                                    Required
                                    .false.
                                ),
                            i:
                                (Variable
                                    2
                                    i
                                    []
                                    Local
                                    ()
                                    ()
                                    Default
                                    (Integer 4)
                                    ()
                                    Source
                                    Public
                                    Required
                                    .false.
                                ),
                            last:
                                (Variable
                                    2
                                    last
                                    []
                                    Local
                                    ()
                                    ()
                                    Default
                                    (Integer 4)
                                    ()
                                    Source
                                    Public
                                    Required
                                    .false.
                                ),
                            print_subrout:
                                (Function
                                    (SymbolTable
                                        3
                                        {
                                            x:
                                                (Variable
                                                    3
                                                    x
                                                    []
                                                    In
                                                    ()
                                                    ()
                                                    Default
                                                    (Integer 4)
                                                    ()
                                                    Source
                                                    Public
                                                    Required
                                                    .false.
                                                )
                                        })
                                    print_subrout
                                    (FunctionType
                                        [(Integer 4)]
                                        ()
                                        Source
                                        Implementation
                                        ()
                                        .false.
                                        .false.
                                        .false.
                                        .false.
                                        .false.
                                        []
                                        .false.
                                    )
                                    []
                                    [(Var 3 x)]
                                    [(Print
                                        [(StringFormat
                                            ()
                                            [(Var 3 x)]
                                            FormatFortran
                                            (Character -1 0 ())
                                            ()
                                        )]
                                        ()
                                        ()
                                    )]
                                    ()
                                    Public
                                    .false.
                                    .false.
                                    ()
                                ),
                            x:
                                (Variable
                                    2
                                    x
                                    []
                                    Local
                                    ()
                                    ()
                                    Default
                                    (Integer 4)
                                    ()
                                    Source
                                    Public
                                    Required
                                    .false.
                                )
                        })
                    loop_unroll_small
                    []
                    [(DoLoop
                        ()
                        ((Var 2 i)
                        (IntegerConstant 1 (Integer 4) Decimal)
                        (IntegerConstant 4 (Integer 4) Decimal)
                        ())
                        [(Assignment
                            (ArrayItem
                                (Var 2 array)
                                [(()
                                (Var 2 i)
                                ())]
                                (Integer 4)
                                ColMajor
                                ()
                            )
                            (Var 2 i)
                            ()
                        )]
                        []
                    )
                    (Assignment
                        (Var 2 first)
                        (IntegerConstant 1 (Integer 4) Decimal)
                        ()
                    )
                    (Assignment
                        (Var 2 last)
                        (IntegerConstant 4 (Integer 4) Decimal)
                        ()
                    )
                    (DoLoop
                        ()
                        ((Var 2 i)
                        (Var 2 first)
                        (Var 2 last)
                        ())
                        [(Assignment
                            (ArrayItem
                                (Var 2 array)
                                [(()
                                (Var 2 i)
                                ())]
                                (Integer 4)
                                ColMajor
                                ()
                            )
                            (IntegerBinOp
                                (ArrayItem
                                    (Var 2 array)
                                    [(()
                                    (Var 2 i)
                                    ())]
                                    (Integer 4)
                                    ColMajor
                                    ()
                                )
                                Add
                                (Var 2 i)
                                (Integer 4)
                                ()
                            )
                            ()
                        )]
                        []
                    )
                    (DoLoop
                        ()
                        ((Var 2 i)
                        (IntegerConstant 1 (Integer 4) Decimal)
                        (IntegerConstant 4 (Integer 4) Decimal)
                        ())
                        [(Assignment
                            (Var 2 x)
                            (ArrayItem
                                (Var 2 array)
                                [(()
                                (Var 2 i)
                                ())]
                                (Integer 4)
                                ColMajor
                                ()
                            )
                            ()
                        )
                        (SubroutineCall
                            2 print_subrout
                            ()
                            [((Var 2 x))]
                            ()
                        )]
                        []
                    )
                    (DoLoop
                        ()
                        ((Var 2 i)
                        (IntegerConstant 1 (Integer 4) Decimal)
                        (IntegerConstant 4 (Integer 4) Decimal)
                        ())
                        [(Assignment
                            (Var 2 x)
                            (ArrayItem
                                (Var 2 array)
                                [(()
                                (Var 2 i)
                                ())]
                                (Integer 4)
                                ColMajor
                                ()
                            )
                            ()
                        )
                        (If
                            (IntegerCompare
                                (Var 2 x)
                                NotEq
                                (IntegerBinOp
                                    (IntegerConstant 2 (Integer 4) Decimal)
                                    Mul
                                    (Var 2 i)
                                    (Integer 4)
                                    ()
                                )
                                (Logical 4)
                                ()
                            )
                            [(ErrorStop
                                ()
                            )]
                            []
                        )]
                        []
                    )]
                )
        })
    []
)
