(TranslationUnit
    (SymbolTable
        1
        {
            conv_complex2real:
                (Program
                    (SymbolTable
                        2
                        {
                            x:
                                (Variable
                                    2
                                    x
                                    []
                                    Local
                                    ()
                                    ()
                                    Default
                                    (Real 4)
                                    ()
                                    Source
                                    Public
                                    Required
                                    .false.
                                ),
                            z:
                                (Variable
                                    2
                                    z
                                    []
                                    Local
                                    ()
                                    ()
                                    Default
                                    (Complex 4)
                                    ()
                                    Source
                                    Public
                                    Required
                                    .false.
                                )
                        })
                    conv_complex2real
                    []
                    [(Assignment
                        (Var 2 z)
                        (ComplexConstructor
                            (RealConstant
                                3.000000
                                (Real 4)
                            )
                            (RealConstant
                                4.000000
                                (Real 4)
                            )
                            (Complex 4)
                            (ComplexConstant
                                3.000000
                                4.000000
                                (Complex 4)
                            )
                        )
                        ()
                    )
                    (Assignment
                        (Var 2 x)
                        (Cast
                            (Cast
                                (Var 2 z)
                                ComplexToReal
                                (Real 8)
                                ()
                            )
                            RealToReal
                            (Real 4)
                            ()
                        )
                        ()
                    )
                    (If
                        (RealCompare
                            (IntrinsicElementalFunction
                                Abs
                                [(RealBinOp
                                    (Var 2 x)
                                    Sub
                                    (RealConstant
                                        3.000000
                                        (Real 4)
                                    )
                                    (Real 4)
                                    ()
                                )]
                                0
                                (Real 4)
                                ()
                            )
                            Gt
                            (RealConstant
                                0.000010
                                (Real 4)
                            )
                            (Logical 4)
                            ()
                        )
                        [(ErrorStop
                            ()
                        )]
                        []
                    )]
                )
        })
    []
)
