(TranslationUnit
    (SymbolTable
        1
        {
            intrinsics_11:
                (Program
                    (SymbolTable
                        2
                        {
                            x:
                                (Variable
                                    2
                                    x
                                    []
                                    Local
                                    (IntegerConstant 3 (Integer 4) Decimal)
                                    (IntegerConstant 3 (Integer 4) Decimal)
                                    Parameter
                                    (Integer 4)
                                    ()
                                    Source
                                    Public
                                    Required
                                    .false.
                                ),
                            y:
                                (Variable
                                    2
                                    y
                                    [x]
                                    Local
                                    (IntrinsicElementalFunction
                                        Real
                                        [(Var 2 x)]
                                        0
                                        (Real 4)
                                        (RealConstant
                                            3.000000
                                            (Real 4)
                                        )
                                    )
                                    (RealConstant
                                        3.000000
                                        (Real 4)
                                    )
                                    Parameter
                                    (Real 4)
                                    ()
                                    Source
                                    Public
                                    Required
                                    .false.
                                )
                        })
                    intrinsics_11
                    []
                    [(Print
                        [(StringFormat
                            ()
                            [(Var 2 y)]
                            FormatFortran
                            (Character -1 0 ())
                            ()
                        )]
                        ()
                        ()
                    )]
                )
        })
    []
)
