(TranslationUnit
    (SymbolTable
        1
        {
            int_to_real_cast_m_value:
                (Program
                    (SymbolTable
                        2
                        {
                            a:
                                (Variable
                                    2
                                    a
                                    []
                                    Local
                                    (Cast
                                        (ArrayConstant
                                            12
                                            [1, 2, 3]
                                            (Array
                                                (Integer 4)
                                                [((IntegerConstant 1 (Integer 4) Decimal)
                                                (IntegerConstant 3 (Integer 4) Decimal))]
                                                FixedSizeArray
                                            )
                                            ColMajor
                                        )
                                        IntegerToReal
                                        (Array
                                            (Real 8)
                                            [((IntegerConstant 1 (Integer 4) Decimal)
                                            (IntegerConstant 3 (Integer 4) Decimal))]
                                            FixedSizeArray
                                        )
                                        (ArrayConstant
                                            24
                                            [1.0000000000000000e+00, 2.0000000000000000e+00, 3.0000000000000000e+00]
                                            (Array
                                                (Real 8)
                                                [((IntegerConstant 1 (Integer 4) Decimal)
                                                (IntegerConstant 3 (Integer 4) Decimal))]
                                                FixedSizeArray
                                            )
                                            ColMajor
                                        )
                                    )
                                    (ArrayConstant
                                        24
                                        [1.0000000000000000e+00, 2.0000000000000000e+00, 3.0000000000000000e+00]
                                        (Array
                                            (Real 8)
                                            [((IntegerConstant 1 (Integer 4) Decimal)
                                            (IntegerConstant 3 (Integer 4) Decimal))]
                                            FixedSizeArray
                                        )
                                        ColMajor
                                    )
                                    Save
                                    (Array
                                        (Real 8)
                                        [((IntegerConstant 1 (Integer 4) Decimal)
                                        (IntegerConstant 3 (Integer 4) Decimal))]
                                        FixedSizeArray
                                    )
                                    ()
                                    Source
                                    Public
                                    Required
                                    .false.
                                )
                        })
                    int_to_real_cast_m_value
                    []
                    []
                )
        })
    []
)
