(TranslationUnit
    (SymbolTable
        1
        {
            ch12n:
                (Function
                    (SymbolTable
                        2
                        {
                            ch12n:
                                (Variable
                                    2
                                    ch12n
                                    []
                                    ReturnVar
                                    ()
                                    ()
                                    Default
                                    (Integer 4 [])
                                    Source
                                    Public
                                    Required
                                    .false.
                                ),
                            ci:
                                (Variable
                                    2
                                    ci
                                    []
                                    Local
                                    ()
                                    ()
                                    Default
                                    (Real 4 [])
                                    Source
                                    Public
                                    Required
                                    .false.
                                ),
                            n:
                                (Variable
                                    2
                                    n
                                    []
                                    Unspecified
                                    ()
                                    ()
                                    Default
                                    (Integer 4 [])
                                    Source
                                    Public
                                    Required
                                    .false.
                                ),
                            z:
                                (Variable
                                    2
                                    z
                                    []
                                    Unspecified
                                    ()
                                    ()
                                    Default
                                    (Real 4 [])
                                    Source
                                    Public
                                    Required
                                    .false.
                                )
                        })
                    ch12n
                    (FunctionType
                        [(Integer 4 [])
                        (Real 4 [])]
                        (Integer 4 [])
                        Source
                        Implementation
                        ()
                        .false.
                        .false.
                        .false.
                        .false.
                        .false.
                        []
                        []
                        .false.
                    )
                    []
                    [(Var 2 n)
                    (Var 2 z)]
                    [(=
                        (Var 2 ci)
                        (Cast
                            (ComplexConstructor
                                (RealConstant
                                    0.000000
                                    (Real 8 [])
                                )
                                (RealConstant
                                    1.000000
                                    (Real 8 [])
                                )
                                (Complex 8 [])
                                (ComplexConstant
                                    0.000000
                                    1.000000
                                    (Complex 8 [])
                                )
                            )
                            ComplexToReal
                            (Real 4 [])
                            (RealConstant
                                0.000000
                                (Real 4 [])
                            )
                        )
                        ()
                    )]
                    (Var 2 ch12n)
                    Public
                    .false.
                    .false.
                )
        })
    []
)
