(TranslationUnit
    (SymbolTable
        1
        {
            bits_05:
                (Program
                    (SymbolTable
                        2
                        {
                            from:
                                (Variable
                                    2
                                    from
                                    []
                                    Local
                                    ()
                                    ()
                                    Default
                                    (Integer 4)
                                    ()
                                    Source
                                    Public
                                    Required
                                    .false.
                                ),
                            from8:
                                (Variable
                                    2
                                    from8
                                    []
                                    Local
                                    ()
                                    ()
                                    Default
                                    (Integer 8)
                                    ()
                                    Source
                                    Public
                                    Required
                                    .false.
                                ),
                            res:
                                (Variable
                                    2
                                    res
                                    []
                                    Local
                                    ()
                                    ()
                                    Default
                                    (Integer 4)
                                    ()
                                    Source
                                    Public
                                    Required
                                    .false.
                                ),
                            res8:
                                (Variable
                                    2
                                    res8
                                    []
                                    Local
                                    ()
                                    ()
                                    Default
                                    (Integer 8)
                                    ()
                                    Source
                                    Public
                                    Required
                                    .false.
                                )
                        })
                    bits_05
                    []
                    [(Assignment
                        (Var 2 from)
                        (IntegerConstant 10 (Integer 4))
                        ()
                    )
                    (Assignment
                        (Var 2 from8)
                        (IntegerConstant 10 (Integer 8))
                        ()
                    )
                    (Assignment
                        (Var 2 res)
                        (IntrinsicElementalFunction
                            Ibits
                            [(Var 2 from)
                            (IntegerConstant 2 (Integer 4))
                            (IntegerConstant 2 (Integer 4))]
                            0
                            (Integer 4)
                            ()
                        )
                        ()
                    )
                    (If
                        (IntegerCompare
                            (Var 2 res)
                            NotEq
                            (IntegerConstant 2 (Integer 4))
                            (Logical 4)
                            ()
                        )
                        [(ErrorStop
                            ()
                        )]
                        []
                    )
                    (Assignment
                        (Var 2 res8)
                        (IntrinsicElementalFunction
                            Ibits
                            [(Var 2 from8)
                            (IntegerConstant 2 (Integer 4))
                            (IntegerConstant 2 (Integer 4))]
                            0
                            (Integer 8)
                            ()
                        )
                        ()
                    )
                    (If
                        (IntegerCompare
                            (Var 2 res8)
                            NotEq
                            (IntegerConstant 2 (Integer 8))
                            (Logical 4)
                            ()
                        )
                        [(ErrorStop
                            ()
                        )]
                        []
                    )
                    (Assignment
                        (Var 2 res)
                        (IntrinsicElementalFunction
                            Ibits
                            [(Var 2 from)
                            (IntegerConstant 0 (Integer 4))
                            (IntegerConstant 2 (Integer 4))]
                            0
                            (Integer 4)
                            ()
                        )
                        ()
                    )
                    (If
                        (IntegerCompare
                            (Var 2 res)
                            NotEq
                            (IntegerConstant 2 (Integer 4))
                            (Logical 4)
                            ()
                        )
                        [(ErrorStop
                            ()
                        )]
                        []
                    )
                    (Assignment
                        (Var 2 res8)
                        (IntrinsicElementalFunction
                            Ibits
                            [(Var 2 from8)
                            (IntegerConstant 0 (Integer 4))
                            (IntegerConstant 2 (Integer 4))]
                            0
                            (Integer 8)
                            ()
                        )
                        ()
                    )
                    (If
                        (IntegerCompare
                            (Var 2 res8)
                            NotEq
                            (IntegerConstant 2 (Integer 8))
                            (Logical 4)
                            ()
                        )
                        [(ErrorStop
                            ()
                        )]
                        []
                    )
                    (Assignment
                        (Var 2 from)
                        (IntegerUnaryMinus
                            (IntegerConstant 20 (Integer 4))
                            (Integer 4)
                            (IntegerConstant -20 (Integer 4))
                        )
                        ()
                    )
                    (Assignment
                        (Var 2 from8)
                        (IntegerUnaryMinus
                            (IntegerConstant 20 (Integer 8))
                            (Integer 8)
                            (IntegerConstant -20 (Integer 8))
                        )
                        ()
                    )
                    (Assignment
                        (Var 2 res)
                        (IntrinsicElementalFunction
                            Ibits
                            [(Var 2 from)
                            (IntegerConstant 29 (Integer 4))
                            (IntegerConstant 2 (Integer 4))]
                            0
                            (Integer 4)
                            ()
                        )
                        ()
                    )
                    (If
                        (IntegerCompare
                            (Var 2 res)
                            NotEq
                            (IntegerConstant 3 (Integer 4))
                            (Logical 4)
                            ()
                        )
                        [(ErrorStop
                            ()
                        )]
                        []
                    )
                    (Assignment
                        (Var 2 res8)
                        (IntrinsicElementalFunction
                            Ibits
                            [(Var 2 from8)
                            (IntegerConstant 29 (Integer 4))
                            (IntegerConstant 2 (Integer 4))]
                            0
                            (Integer 8)
                            ()
                        )
                        ()
                    )
                    (If
                        (IntegerCompare
                            (Var 2 res8)
                            NotEq
                            (Cast
                                (IntegerConstant 3 (Integer 4))
                                IntegerToInteger
                                (Integer 8)
                                (IntegerConstant 3 (Integer 8))
                            )
                            (Logical 4)
                            ()
                        )
                        [(ErrorStop
                            ()
                        )]
                        []
                    )
                    (Assignment
                        (Var 2 res)
                        (IntrinsicElementalFunction
                            Ibits
                            [(Var 2 from)
                            (IntegerConstant 2 (Integer 4))
                            (IntegerConstant 2 (Integer 4))]
                            0
                            (Integer 4)
                            ()
                        )
                        ()
                    )
                    (If
                        (IntegerCompare
                            (Var 2 res)
                            NotEq
                            (IntegerConstant 3 (Integer 4))
                            (Logical 4)
                            ()
                        )
                        [(ErrorStop
                            ()
                        )]
                        []
                    )
                    (Assignment
                        (Var 2 res8)
                        (IntrinsicElementalFunction
                            Ibits
                            [(Var 2 from8)
                            (IntegerConstant 2 (Integer 4))
                            (IntegerConstant 2 (Integer 4))]
                            0
                            (Integer 8)
                            ()
                        )
                        ()
                    )
                    (If
                        (IntegerCompare
                            (Var 2 res8)
                            NotEq
                            (Cast
                                (IntegerConstant 3 (Integer 4))
                                IntegerToInteger
                                (Integer 8)
                                (IntegerConstant 3 (Integer 8))
                            )
                            (Logical 4)
                            ()
                        )
                        [(ErrorStop
                            ()
                        )]
                        []
                    )]
                )
        })
    []
)
