(TranslationUnit
    (SymbolTable
        1
        {
            intrinsics_47:
                (Program
                    (SymbolTable
                        2
                        {
                            a:
                                (Variable
                                    2
                                    a
                                    []
                                    Local
                                    (ArrayConstant
                                        [(LogicalConstant
                                            .true.
                                            (Logical 4 [])
                                        )
                                        (LogicalConstant
                                            .true.
                                            (Logical 4 [])
                                        )
                                        (LogicalConstant
                                            .true.
                                            (Logical 4 [])
                                        )]
                                        (Logical 4 [((IntegerConstant 1 (Integer 4 []))
                                        (IntegerConstant 3 (Integer 4 [])))])
                                        ColMajor
                                    )
                                    ()
                                    Save
                                    (Logical 4 [((IntegerConstant 1 (Integer 4 []))
                                    (IntegerConstant 3 (Integer 4 [])))])
                                    Source
                                    Public
                                    Required
                                    .false.
                                ),
                            l:
                                (Variable
                                    2
                                    l
                                    []
                                    Local
                                    (ArrayAll
                                        (ArrayConstant
                                            [(LogicalConstant
                                                .true.
                                                (Logical 4 [])
                                            )
                                            (LogicalConstant
                                                .true.
                                                (Logical 4 [])
                                            )]
                                            (Logical 4 [((IntegerConstant 1 (Integer 4 []))
                                            (IntegerConstant 2 (Integer 4 [])))])
                                            ColMajor
                                        )
                                        ()
                                        (Logical 4 [])
                                        (LogicalConstant
                                            .true.
                                            (Logical 4 [])
                                        )
                                    )
                                    ()
                                    Save
                                    (Logical 4 [])
                                    Source
                                    Public
                                    Required
                                    .false.
                                )
                        })
                    intrinsics_47
                    []
                    [(=
                        (Var 2 l)
                        (ArrayAll
                            (ArrayConstant
                                [(LogicalConstant
                                    .true.
                                    (Logical 4 [])
                                )
                                (LogicalConstant
                                    .false.
                                    (Logical 4 [])
                                )]
                                (Logical 4 [((IntegerConstant 1 (Integer 4 []))
                                (IntegerConstant 2 (Integer 4 [])))])
                                ColMajor
                            )
                            ()
                            (Logical 4 [])
                            (LogicalConstant
                                .false.
                                (Logical 4 [])
                            )
                        )
                        ()
                    )
                    (=
                        (Var 2 l)
                        (ArrayAll
                            (ArrayConstant
                                [(LogicalConstant
                                    .false.
                                    (Logical 4 [])
                                )]
                                (Logical 4 [((IntegerConstant 1 (Integer 4 []))
                                (IntegerConstant 1 (Integer 4 [])))])
                                ColMajor
                            )
                            ()
                            (Logical 4 [])
                            (LogicalConstant
                                .false.
                                (Logical 4 [])
                            )
                        )
                        ()
                    )
                    (=
                        (Var 2 l)
                        (ArrayAll
                            (ArrayConstant
                                [(LogicalConstant
                                    .true.
                                    (Logical 4 [])
                                )]
                                (Logical 4 [((IntegerConstant 1 (Integer 4 []))
                                (IntegerConstant 1 (Integer 4 [])))])
                                ColMajor
                            )
                            ()
                            (Logical 4 [])
                            (LogicalConstant
                                .true.
                                (Logical 4 [])
                            )
                        )
                        ()
                    )
                    (=
                        (Var 2 l)
                        (ArrayAll
                            (Var 2 a)
                            ()
                            (Logical 4 [])
                            ()
                        )
                        ()
                    )
                    (=
                        (Var 2 l)
                        (ArrayAll
                            (ArrayConstant
                                [(IntegerCompare
                                    (IntegerConstant 1 (Integer 4 []))
                                    Eq
                                    (IntegerConstant 2 (Integer 4 []))
                                    (Logical 4 [])
                                    (LogicalConstant
                                        .false.
                                        (Logical 4 [])
                                    )
                                )
                                (IntegerCompare
                                    (IntegerConstant 0 (Integer 4 []))
                                    Eq
                                    (IntegerConstant 0 (Integer 4 []))
                                    (Logical 4 [])
                                    (LogicalConstant
                                        .true.
                                        (Logical 4 [])
                                    )
                                )]
                                (Logical 4 [((IntegerConstant 1 (Integer 4 []))
                                (IntegerConstant 2 (Integer 4 [])))])
                                ColMajor
                            )
                            ()
                            (Logical 4 [])
                            (LogicalConstant
                                .false.
                                (Logical 4 [])
                            )
                        )
                        ()
                    )
                    (If
                        (Var 2 l)
                        [(ErrorStop
                            ()
                        )]
                        []
                    )]
                )
        })
    []
)
