(TranslationUnit
    (SymbolTable
        1
        {
            derived_types_03:
                (Program
                    (SymbolTable
                        2
                        {
                            b:
                                (Variable
                                    2
                                    b
                                    []
                                    Local
                                    ()
                                    ()
                                    Default
                                    (Struct
                                        2 x
                                        []
                                    )
                                    Source
                                    Public
                                    Required
                                    .false.
                                ),
                            x:
                                (StructType
                                    (SymbolTable
                                        3
                                        {
                                            i:
                                                (Variable
                                                    3
                                                    i
                                                    []
                                                    Local
                                                    ()
                                                    ()
                                                    Default
                                                    (Integer 4 [])
                                                    Source
                                                    Public
                                                    Required
                                                    .false.
                                                )
                                        })
                                    x
                                    []
                                    [i]
                                    Source
                                    Public
                                    .false.
                                    .false.
                                    ()
                                    ()
                                ),
                            y:
                                (Function
                                    (SymbolTable
                                        4
                                        {
                                            a:
                                                (StructType
                                                    (SymbolTable
                                                        5
                                                        {
                                                            i:
                                                                (Variable
                                                                    5
                                                                    i
                                                                    []
                                                                    Local
                                                                    ()
                                                                    ()
                                                                    Default
                                                                    (Integer 4 [])
                                                                    Source
                                                                    Public
                                                                    Required
                                                                    .false.
                                                                )
                                                        })
                                                    a
                                                    []
                                                    [i]
                                                    Source
                                                    Public
                                                    .false.
                                                    .false.
                                                    ()
                                                    ()
                                                ),
                                            b:
                                                (Variable
                                                    4
                                                    b
                                                    []
                                                    Local
                                                    ()
                                                    ()
                                                    Default
                                                    (Struct
                                                        4 a
                                                        []
                                                    )
                                                    Source
                                                    Public
                                                    Required
                                                    .false.
                                                )
                                        })
                                    y
                                    (FunctionType
                                        []
                                        ()
                                        Source
                                        Implementation
                                        ()
                                        .false.
                                        .false.
                                        .false.
                                        .false.
                                        .false.
                                        []
                                        []
                                        .false.
                                    )
                                    []
                                    []
                                    []
                                    ()
                                    Public
                                    .false.
                                    .false.
                                ),
                            z:
                                (Function
                                    (SymbolTable
                                        6
                                        {
                                            a:
                                                (StructType
                                                    (SymbolTable
                                                        7
                                                        {
                                                            i:
                                                                (Variable
                                                                    7
                                                                    i
                                                                    []
                                                                    Local
                                                                    ()
                                                                    ()
                                                                    Default
                                                                    (Integer 4 [])
                                                                    Source
                                                                    Public
                                                                    Required
                                                                    .false.
                                                                )
                                                        })
                                                    a
                                                    []
                                                    [i]
                                                    Source
                                                    Public
                                                    .false.
                                                    .false.
                                                    ()
                                                    ()
                                                ),
                                            b:
                                                (Variable
                                                    6
                                                    b
                                                    []
                                                    Local
                                                    ()
                                                    ()
                                                    Default
                                                    (Struct
                                                        6 a
                                                        []
                                                    )
                                                    Source
                                                    Public
                                                    Required
                                                    .false.
                                                ),
                                            z:
                                                (Variable
                                                    6
                                                    z
                                                    []
                                                    ReturnVar
                                                    ()
                                                    ()
                                                    Default
                                                    (Integer 4 [])
                                                    Source
                                                    Public
                                                    Required
                                                    .false.
                                                )
                                        })
                                    z
                                    (FunctionType
                                        []
                                        (Integer 4 [])
                                        Source
                                        Implementation
                                        ()
                                        .false.
                                        .false.
                                        .false.
                                        .false.
                                        .false.
                                        []
                                        []
                                        .false.
                                    )
                                    []
                                    []
                                    [(=
                                        (Var 6 z)
                                        (IntegerConstant 5 (Integer 4 []))
                                        ()
                                    )]
                                    (Var 6 z)
                                    Public
                                    .false.
                                    .false.
                                )
                        })
                    derived_types_03
                    []
                    []
                )
        })
    []
)
