(TranslationUnit
    (SymbolTable
        1
        {
            string_02:
                (Program
                    (SymbolTable
                        2
                        {
                            firstname:
                                (Variable
                                    2
                                    firstname
                                    []
                                    Local
                                    ()
                                    ()
                                    Default
                                    (Character 1 15 ())
                                    ()
                                    Source
                                    Public
                                    Required
                                    .false.
                                ),
                            greetings:
                                (Variable
                                    2
                                    greetings
                                    []
                                    Local
                                    ()
                                    ()
                                    Default
                                    (Character 1 25 ())
                                    ()
                                    Source
                                    Public
                                    Required
                                    .false.
                                ),
                            surname:
                                (Variable
                                    2
                                    surname
                                    []
                                    Local
                                    ()
                                    ()
                                    Default
                                    (Character 1 15 ())
                                    ()
                                    Source
                                    Public
                                    Required
                                    .false.
                                ),
                            title:
                                (Variable
                                    2
                                    title
                                    []
                                    Local
                                    ()
                                    ()
                                    Default
                                    (Character 1 6 ())
                                    ()
                                    Source
                                    Public
                                    Required
                                    .false.
                                )
                        })
                    string_02
                    []
                    [(Assignment
                        (Var 2 title)
                        (StringConstant
                            "Mr. "
                            (Character 1 4 ())
                        )
                        ()
                    )
                    (Assignment
                        (Var 2 firstname)
                        (StringConstant
                            "Rowan "
                            (Character 1 6 ())
                        )
                        ()
                    )
                    (Assignment
                        (Var 2 surname)
                        (StringConstant
                            "Atkinson"
                            (Character 1 8 ())
                        )
                        ()
                    )
                    (Assignment
                        (Var 2 greetings)
                        (StringConstant
                            "A big hello from Mr. Bean"
                            (Character 1 25 ())
                        )
                        ()
                    )
                    (Print
                        [(StringFormat
                            ()
                            [(StringConstant
                                "Here is "
                                (Character 1 8 ())
                            )
                            (Var 2 title)
                            (Var 2 firstname)
                            (Var 2 surname)]
                            FormatFortran
                            (Character -1 0 ())
                            ()
                        )]
                        ()
                        ()
                    )
                    (Print
                        [(Var 2 greetings)]
                        ()
                        ()
                    )]
                )
        })
    []
)
