(TranslationUnit 
    (SymbolTable
        1
        {
            access_vars:
                (Module 
                    (SymbolTable
                        2
                        {
                            print_vars:
                                (Function 
                                    (SymbolTable
                                        3
                                        {
                                            
                                        }) 
                                    print_vars 
                                    [] 
                                    [(Print 
                                        () 
                                        [(StringConstant 
                                            "priv = " 
                                            (Character 1 7 () [])
                                        )
                                        (Var 2 priv)] 
                                        () 
                                        ()
                                    )
                                    (Print 
                                        () 
                                        [(StringConstant 
                                            "publ = " 
                                            (Character 1 7 () [])
                                        )
                                        (Var 2 publ)] 
                                        () 
                                        ()
                                    )] 
                                    () 
                                    Source 
                                    Public 
                                    Implementation 
                                    () 
                                    .false. 
                                    .false. 
                                    .false. 
                                    .false. 
                                    .false. 
                                    [] 
                                    [] 
                                    .false.
                                ), 
                            priv:
                                (Variable 
                                    2 
                                    priv 
                                    Local 
                                    (RealConstant 
                                        1.500000 
                                        (Real 4 [])
                                    ) 
                                    () 
                                    Save 
                                    (Real 4 []) 
                                    Source 
                                    Private 
                                    Required 
                                    .false.
                                ), 
                            publ:
                                (Variable 
                                    2 
                                    publ 
                                    Local 
                                    (RealConstant 
                                        2.500000 
                                        (Real 4 [])
                                    ) 
                                    () 
                                    Save 
                                    (Real 4 []) 
                                    Source 
                                    Public 
                                    Required 
                                    .false.
                                )
                            
                        }) 
                    access_vars 
                    [] 
                    .false. 
                    .false.
                )
            
        }) 
    []
)
