(TranslationUnit
    [(Program
        test
        ()
        []
        []
        []
        [(DoLoop
            0
            ()
            240
            k
            1
            mp
            ()
            [(=
                0
                (FuncCallOrArray
                    con
                    []
                    [(()
                    k
                    ())]
                    []
                    []
                )
                (u- (FuncCallOrArray
                    datmat
                    []
                    [(()
                    k
                    ())
                    (()
                    np
                    ())]
                    []
                    []
                ))
                ()
            )
            (DoLoop
                0
                ()
                220
                j
                1
                n
                ()
                [(=
                    220
                    (FuncCallOrArray
                        w
                        []
                        [(()
                        j
                        ())]
                        []
                        []
                    )
                    (+ (FuncCallOrArray
                        datmat
                        []
                        [(()
                        k
                        ())
                        (()
                        j
                        ())]
                        []
                        []
                    ) (FuncCallOrArray
                        con
                        []
                        [(()
                        k
                        ())]
                        []
                        []
                    ))
                    ()
                )]
                ()
                ()
            )
            (DoLoop
                0
                ()
                240
                i
                1
                n
                ()
                [(=
                    0
                    temp
                    (Real "0.0d0")
                    ()
                )
                (DoLoop
                    0
                    ()
                    230
                    j
                    1
                    n
                    ()
                    [(=
                        230
                        temp
                        (+ temp (* (FuncCallOrArray
                            w
                            []
                            [(()
                            j
                            ())]
                            []
                            []
                        ) (FuncCallOrArray
                            simi
                            []
                            [(()
                            j
                            ())
                            (()
                            i
                            ())]
                            []
                            []
                        )))
                        ()
                    )]
                    ()
                    ()
                )
                (If
                    0
                    ()
                    (== k mp)
                    [(=
                        0
                        temp
                        (u- temp)
                        ()
                    )]
                    []
                    ()
                    ()
                    ()
                )
                (=
                    240
                    (FuncCallOrArray
                        a
                        []
                        [(()
                        i
                        ())
                        (()
                        k
                        ())]
                        []
                        []
                    )
                    temp
                    ()
                )]
                ()
                ()
            )]
            ()
            ()
        )]
        []
    )]
)
