(TranslationUnit
    [(Subroutine
        fun1
        []
        []
        ()
        ()
        []
        []
        []
        []
        [(If
            0
            ()
            (> (FuncCallOrArray
                abs
                []
                [(()
                bjv0
                ()
                0)]
                []
                []
            ) (FuncCallOrArray
                abs
                []
                [(()
                bjv1
                ()
                0)]
                []
                []
            ))
            [(=
                0
                cs
                (/ bjv0 f)
                ()
            )]
            []
            ()
            ()
            ()
        )
        (=
            0
            elsecs
            (/ bjv1 f2)
            ()
        )]
        []
    )
    (Subroutine
        fun2
        []
        []
        ()
        ()
        []
        []
        []
        []
        [(If
            0
            ()
            (Logical .true.)
            [(=
                0
                x
                1
                ()
            )
            (If
                0
                ()
                (> (FuncCallOrArray
                    abs
                    []
                    [(()
                    bjv0
                    ()
                    0)]
                    []
                    []
                ) (FuncCallOrArray
                    abs
                    []
                    [(()
                    bjv1
                    ()
                    0)]
                    []
                    []
                ))
                [(=
                    0
                    cs
                    (/ bjv0 f)
                    ()
                )]
                []
                ()
                ()
                ()
            )
            (=
                0
                elsecs
                (/ bjv1 f2)
                ()
            )]
            []
            ()
            ()
            ()
        )]
        []
    )
    (Subroutine
        fun3
        []
        []
        ()
        ()
        []
        []
        []
        []
        [(If
            0
            ()
            (Logical .true.)
            [(=
                0
                x
                1
                ()
            )
            (If
                0
                ()
                (> (FuncCallOrArray
                    abs
                    []
                    [(()
                    bjv0
                    ()
                    0)]
                    []
                    []
                ) (FuncCallOrArray
                    abs
                    []
                    [(()
                    bjv1
                    ()
                    0)]
                    []
                    []
                ))
                [(=
                    0
                    cs
                    (/ bjv0 f)
                    ()
                )]
                [(=
                    0
                    cs
                    (/ bjv1 f2)
                    ()
                )]
                ()
                ()
                ()
            )]
            []
            ()
            ()
            ()
        )]
        []
    )]
)
