(TranslationUnit
    [(Subroutine
        xub
        [(nunit)]
        []
        ()
        ()
        []
        []
        []
        [(Declaration
            (AttrType
                TypeInteger
                []
                ()
                ()
                None
            )
            []
            [(nunit
            []
            []
            ()
            ()
            None
            ())]
            ()
        )
        (Declaration
            (AttrType
                TypeInteger
                []
                ()
                ()
                None
            )
            []
            [(i
            []
            []
            ()
            ()
            None
            ())]
            ()
        )]
        [(DoLoop
            0
            ()
            0
            i
            1
            5
            ()
            [(Backspace
                0
                [nunit]
                []
                ()
            )
            (Rewind
                0
                [nunit]
                []
                ()
            )]
            ()
            ()
        )]
        []
        []
    )
    (Program
        main
        ()
        []
        []
        []
        []
        []
    )]
)
