(TranslationUnit 
    [(Program 
        main 
        () 
        [] 
        [] 
        [(Declaration 
            () 
            [(SimpleAttribute 
                AttrExternal
            )] 
            [(f 
            [] 
            [] 
            () 
            None 
            ())] 
            ()
        )
        (Declaration 
            (AttrType 
                TypeInteger 
                [] 
                () 
                None
            ) 
            [] 
            [(b 
            [] 
            [] 
            () 
            None 
            ())
            (c 
            [] 
            [] 
            () 
            None 
            ())
            (d 
            [] 
            [] 
            () 
            None 
            ())] 
            ()
        )] 
        [(= 
            0 
            b 
            1 
            ()
        )
        (SubroutineCall 
            0 
            f 
            [] 
            [(() 
            b 
            ())] 
            [] 
            ()
        )] 
        []
    )
    (Subroutine 
        f 
        [(a)] 
        [] 
        () 
        () 
        [] 
        [] 
        [] 
        [(Declaration 
            (AttrType 
                TypeInteger 
                [] 
                () 
                None
            ) 
            [] 
            [(a 
            [] 
            [] 
            () 
            None 
            ())] 
            ()
        )] 
        [(Print 
            0 
            () 
            [a] 
            ()
        )] 
        []
    )]
)
