(TranslationUnit 
    [(Subroutine 
        triad 
        [(a)
        (b)
        (scalar)
        (c)] 
        [] 
        () 
        () 
        [] 
        [] 
        [] 
        [(Declaration 
            (AttrType 
                TypeReal 
                [] 
                () 
                None
            ) 
            [(AttrIntent 
                In
            )] 
            [(a 
            [(() 
            () 
            DimensionExpr)] 
            [] 
            () 
            None 
            ())
            (b 
            [(() 
            () 
            DimensionExpr)] 
            [] 
            () 
            None 
            ())
            (scalar 
            [] 
            [] 
            () 
            None 
            ())] 
            ()
        )
        (Declaration 
            (AttrType 
                TypeReal 
                [] 
                () 
                None
            ) 
            [(AttrIntent 
                Out
            )] 
            [(c 
            [(() 
            () 
            DimensionExpr)] 
            [] 
            () 
            None 
            ())] 
            ()
        )
        (Declaration 
            (AttrType 
                TypeInteger 
                [] 
                () 
                None
            ) 
            [] 
            [(N 
            [] 
            [] 
            () 
            None 
            ())
            (N2 
            [] 
            [] 
            () 
            None 
            ())
            (i 
            [] 
            [] 
            () 
            None 
            ())
            (j 
            [] 
            [] 
            () 
            None 
            ())] 
            ()
        )] 
        [(= 
            0 
            N 
            (FuncCallOrArray 
                size 
                [] 
                [(() 
                a 
                ())] 
                [] 
                []
            ) 
            ()
        )
        (= 
            0 
            N2 
            (FuncCallOrArray 
                size 
                [] 
                [(() 
                b 
                ())] 
                [] 
                []
            ) 
            ()
        )
        (DoConcurrentLoop 
            0 
            () 
            [(ConcurrentControl 
                i 
                1 
                N 
                ()
            )] 
            () 
            [] 
            [(= 
                0 
                (FuncCallOrArray 
                    c 
                    [] 
                    [(() 
                    i 
                    ())] 
                    [] 
                    []
                ) 
                (+ (FuncCallOrArray 
                    a 
                    [] 
                    [(() 
                    i 
                    ())] 
                    [] 
                    []
                ) (* scalar (FuncCallOrArray 
                    b 
                    [] 
                    [(() 
                    i 
                    ())] 
                    [] 
                    []
                ))) 
                ()
            )] 
            () 
            (TriviaNode 
                [] 
                [(EndOfLine)
                (EndOfLine)]
            )
        )
        (DoConcurrentLoop 
            0 
            () 
            [(ConcurrentControl 
                j 
                1 
                N2 
                ()
            )] 
            () 
            [] 
            [(= 
                0 
                (FuncCallOrArray 
                    c 
                    [] 
                    [(() 
                    j 
                    ())] 
                    [] 
                    []
                ) 
                (+ (FuncCallOrArray 
                    b 
                    [] 
                    [(() 
                    j 
                    ())] 
                    [] 
                    []
                ) scalar) 
                ()
            )] 
            () 
            ()
        )] 
        []
    )]
)
