function main()
    local x4::Int32 = 0
    local x8::Int64 = 0
    local y4::Int32 = 0
    local y8::Int64 = 0
    y4 = 5
    x4 = y4 ^ 2
    println(y4, " ", x4)
    if x4 ≠ 25
        println(Base.stderr, "ERROR STOP")
        exit(1)
    end
    y8 = 5
    x8 = y8 ^ 2
    println(y8, " ", x8)
    if x8 ≠ 25
        println(Base.stderr, "ERROR STOP")
        exit(1)
    end
end

main()
