; ModuleID = 'LFortran'
source_filename = "LFortran"

%string_descriptor = type <{ i8*, i64 }>

@0 = private unnamed_addr constant [2 x i8] c"\0A\00", align 1
@string_const_data = private constant [6 x i8] c"Hello\00"
@string_const = private global %string_descriptor <{ i8* getelementptr inbounds ([6 x i8], [6 x i8]* @string_const_data, i32 0, i32 0), i64 5 }>
@1 = private unnamed_addr constant [5 x i8] c"%s%s\00", align 1

define i32 @main(i32 %0, i8** %1) {
.entry:
  call void @_lpython_call_initial_functions(i32 %0, i8** %1)
  %2 = load i8*, i8** getelementptr inbounds (%string_descriptor, %string_descriptor* @string_const, i32 0, i32 0), align 8
  call void (i8*, ...) @_lfortran_printf(i8* getelementptr inbounds ([5 x i8], [5 x i8]* @1, i32 0, i32 0), i8* %2, i8* getelementptr inbounds ([2 x i8], [2 x i8]* @0, i32 0, i32 0))
  call void @_lpython_free_argv()
  br label %return

return:                                           ; preds = %.entry
  ret i32 0
}

declare void @_lpython_call_initial_functions(i32, i8**)

declare void @_lfortran_printf(i8*, ...)

declare void @_lpython_free_argv()
